// Vitest Snapshot v1, https://vitest.dev/guide/snapshot.html

exports[`Welcome > should match the snapshot 1`] = `
<div>
  <main
    class="min-h-screen p-5 flex flex-col"
  >
    <form>
      <input
        class="border border-neutral-400 px-3 bg-neutral-200 w-full h-10 mb-3"
        id="name"
        name="name"
        placeholder="Enter Username"
        type="text"
        value=""
      />
      <button
        class="h-10 w-full bg-blue-500 text-white disabled:bg-neutral-400"
        disabled=""
        type="submit"
      >
        Search
      </button>
    </form>
    <div />
    <section
      aria-atomic="false"
      aria-label="Notifications Alt+T"
      aria-live="polite"
      aria-relevant="additions text"
      class="Toastify"
    />
  </main>
</div>
`;
