// Vitest Snapshot v1, https://vitest.dev/guide/snapshot.html

exports[`Button > should match the snapshot 1`] = `
<div>
  <button
    class="h-10 w-full bg-blue-500 text-white disabled:bg-neutral-400"
  />
</div>
`;

exports[`Button > should match the snapshot when loading 1`] = `
<div>
  <button
    class="h-10 w-full bg-blue-500 text-white disabled:bg-neutral-400"
  >
    <svg
      class="lucide lucide-loader-circle animate-spin inline"
      fill="none"
      height="24"
      stroke="currentColor"
      stroke-linecap="round"
      stroke-linejoin="round"
      stroke-width="2"
      viewBox="0 0 24 24"
      width="24"
      xmlns="http://www.w3.org/2000/svg"
    >
      <path
        d="M21 12a9 9 0 1 1-6.219-8.56"
      />
    </svg>
  </button>
</div>
`;
